[gemgrab.vip/index.html]
[backblue.gif]
[fade.gif]
[index.html]
[gemgrab.vip/index.html]
[gemgrab.vip/gemme-gratis-brawl/code.jquery.com/ui/1.11.2/themes/smoothness/jquery-ui.min.css]
[gemgrab.vip/gemme-gratis-brawl/css/animate.css]
[gemgrab.vip/gemme-gratis-brawl/css/style.css]
[gemgrab.vip/gemme-gratis-brawl/css/all.min.css]
[gemgrab.vip/gemme-gratis-brawl/css/bootstrap.css]
[gemgrab.vip/gemme-gratis-brawl/img/player-icon.png]
[gemgrab.vip/gemme-gratis-brawl/img/render1.png]
[gemgrab.vip/gemme-gratis-brawl/suono-brawl-stars.wav]
[gemgrab.vip/i.ytimg.com/vi/EFnH_shObGM/maxresdefault.jpg]
[gemgrab.vip/i.ytimg.com/vi/EFnH_shObGM/maxresdefault.jpg]
[gemgrab.vip/gemme-gratis-brawl/musica-brawl-stars.mp3]
[gemgrab.vip/gemme-gratis-brawl/img/settings.png]
[gemgrab.vip/gemme-gratis-brawl/code.jquery.com/ui/1.11.2/themes/smoothness/jquery-ui.min.css]
[gemgrab.vip/gemme-gratis-brawl/img/gem1.png]
[gemgrab.vip/gemme-gratis-brawl/favicon-32x32.png]
[gemgrab.vip/gemme-gratis-brawl/img/gem2.png]
[gemgrab.vip/gemme-gratis-brawl/img/header.png]
[gemgrab.vip/gemme-gratis-brawl/img/gem3.png]
[gemgrab.vip/gemme-gratis-brawl/img/gem5.png]
[gemgrab.vip/gemme-gratis-brawl/img/gem6.png]
[gemgrab.vip/gemme-gratis-brawl/img/gem4.png]
[gemgrab.vip/gemme-gratis-brawl/css/bootstrap.css]
[gemgrab.vip/gemme-gratis-brawl/img/render2.png]
[gemgrab.vip/gemme-gratis-brawl/css/animate.css]
[gemgrab.vip/gemme-gratis-brawl/js/jquery.min.js]
[gemgrab.vip/gemme-gratis-brawl/js/bootstrap.min.js]
[gemgrab.vip/gemme-gratis-brawl/css/all.min.css]
[gemgrab.vip/gemme-gratis-brawl/js/ion.sound.min.js]
[gemgrab.vip/gemme-gratis-brawl/js/jquery-ui-1.11.2.min.js]
[gemgrab.vip/gemme-gratis-brawl/js/functions.app.js]
[gemgrab.vip/gemme-gratis-brawl/js/custom.min.js]
[cdn.webpushr.com/app.min.js]
[gemgrab.vip/gemme-gratis-brawl/css/style.css]
[gemgrab.vip/gemme-gratis-brawl/code.jquery.com/ui/1.11.2/themes/smoothness/images/ui-bg_flat_75_ffffff_40x100.png]
[gemgrab.vip/gemme-gratis-brawl/code.jquery.com/ui/1.11.2/themes/smoothness/images/ui-bg_highlight-soft_75_cccccc_1x100.png]
[gemgrab.vip/gemme-gratis-brawl/code.jquery.com/ui/1.11.2/themes/smoothness/images/ui-bg_glass_75_e6e6e6_1x400.png]
[gemgrab.vip/gemme-gratis-brawl/code.jquery.com/ui/1.11.2/themes/smoothness/images/ui-bg_glass_75_dadada_1x400.png]
[gemgrab.vip/gemme-gratis-brawl/code.jquery.com/ui/1.11.2/themes/smoothness/images/ui-icons_222222_256x240.png]
[gemgrab.vip/gemme-gratis-brawl/code.jquery.com/ui/1.11.2/themes/smoothness/images/ui-icons_888888_256x240.png]
[gemgrab.vip/gemme-gratis-brawl/code.jquery.com/ui/1.11.2/themes/smoothness/images/ui-icons_454545_256x240.png]
[gemgrab.vip/gemme-gratis-brawl/code.jquery.com/ui/1.11.2/themes/smoothness/images/ui-bg_glass_55_fbf9ee_1x400.png]
[gemgrab.vip/gemme-gratis-brawl/code.jquery.com/ui/1.11.2/themes/smoothness/images/ui-bg_glass_65_ffffff_1x400.png]
[gemgrab.vip/gemme-gratis-brawl/code.jquery.com/ui/1.11.2/themes/smoothness/images/ui-icons_2e83ff_256x240.png]
[gemgrab.vip/gemme-gratis-brawl/webfonts/fa-brands-400.eot]
[gemgrab.vip/gemme-gratis-brawl/code.jquery.com/ui/1.11.2/themes/smoothness/images/ui-bg_glass_95_fef1ec_1x400.png]
[gemgrab.vip/gemme-gratis-brawl/code.jquery.com/ui/1.11.2/themes/smoothness/images/ui-icons_cd0a0a_256x240.png]
[gemgrab.vip/gemme-gratis-brawl/webfonts/fa-brands-400.woff]
[gemgrab.vip/gemme-gratis-brawl/webfonts/fa-brands-400d41dd41dd41dd41d.eot]
[gemgrab.vip/gemme-gratis-brawl/webfonts/fa-brands-400.ttf]
[gemgrab.vip/gemme-gratis-brawl/code.jquery.com/ui/1.11.2/themes/smoothness/images/ui-bg_flat_0_aaaaaa_40x100.png]
[gemgrab.vip/gemme-gratis-brawl/webfonts/fa-regular-400d41dd41dd41dd41d.eot]
[gemgrab.vip/gemme-gratis-brawl/webfonts/fa-brands-400.html]
[gemgrab.vip/gemme-gratis-brawl/webfonts/fa-brands-400.html]
[gemgrab.vip/gemme-gratis-brawl/webfonts/fa-regular-400.eot]
[gemgrab.vip/gemme-gratis-brawl/webfonts/fa-regular-400.html]
[gemgrab.vip/gemme-gratis-brawl/webfonts/fa-regular-400.ttf]
[gemgrab.vip/gemme-gratis-brawl/webfonts/fa-regular-400.woff]
[gemgrab.vip/gemme-gratis-brawl/webfonts/fa-solid-900.eot]
[gemgrab.vip/gemme-gratis-brawl/webfonts/fa-solid-900d41dd41dd41dd41d.eot]
[gemgrab.vip/gemme-gratis-brawl/webfonts/fa-solid-900.ttf]
[gemgrab.vip/gemme-gratis-brawl/webfonts/fa-solid-900.woff]
[gemgrab.vip/gemme-gratis-brawl/img/button/btn-blue-left.png]
[gemgrab.vip/gemme-gratis-brawl/webfonts/fa-solid-900.html]
[gemgrab.vip/gemme-gratis-brawl/img/button/btn-blue-right.png]
[gemgrab.vip/gemme-gratis-brawl/img/button/btn-blue-center.png]
[gemgrab.vip/gemme-gratis-brawl/img/button/btn-generate-left.png]
[gemgrab.vip/gemme-gratis-brawl/img/button/btn-generate-right.png]
[gemgrab.vip/gemme-gratis-brawl/img/button/btn-generate-center.png]
[gemgrab.vip/gemme-gratis-brawl/img/line-bar.png]
[gemgrab.vip/gemme-gratis-brawl/webfonts/fa-brands-400.svg]
[gemgrab.vip/gemme-gratis-brawl/webfonts/fa-regular-400.html]
[gemgrab.vip/gemme-gratis-brawl/img/gem.png]
[gemgrab.vip/gemme-gratis-brawl/webfonts/fa-regular-400.svg]
[gemgrab.vip/gemme-gratis-brawl/webfonts/fa-solid-900.html]
[gemgrab.vip/gemme-gratis-brawl/img/bg-card.html]
[gemgrab.vip/gemme-gratis-brawl/webfonts/fa-solid-900.svg]
[gemgrab.vip/gemme-gratis-brawl/img/pattern.svg]
[gemgrab.vip/gemme-gratis-brawl/img/bg-card.html]
